// Jest Snapshot v1, https://goo.gl/fbAQLP

exports[`gatsby-plugin resource all returns an array of plugins 1`] = `
Array [
  Object {
    "id": "gatsby-source-filesystem",
    "name": "gatsby-source-filesystem",
    "shadowableFiles": Array [],
    "shadowedFiles": Array [],
  },
  Object {
    "id": "gatsby-transformer-sharp",
    "name": "gatsby-transformer-sharp",
    "shadowableFiles": Array [],
    "shadowedFiles": Array [],
  },
  Object {
    "id": "gatsby-plugin-emotion",
    "name": "gatsby-plugin-emotion",
    "shadowableFiles": Array [],
    "shadowedFiles": Array [],
  },
  Object {
    "id": "gatsby-plugin-typography",
    "name": "gatsby-plugin-typography",
    "shadowableFiles": Array [],
    "shadowedFiles": Array [],
  },
  Object {
    "id": "gatsby-transformer-remark",
    "name": "gatsby-transformer-remark",
    "shadowableFiles": Array [],
    "shadowedFiles": Array [],
  },
  Object {
    "id": "gatsby-plugin-sharp",
    "name": "gatsby-plugin-sharp",
    "shadowableFiles": Array [],
    "shadowedFiles": Array [],
  },
  Object {
    "id": "gatsby-plugin-google-analytics",
    "name": "gatsby-plugin-google-analytics",
    "shadowableFiles": Array [],
    "shadowedFiles": Array [],
  },
  Object {
    "id": "gatsby-plugin-manifest",
    "name": "gatsby-plugin-manifest",
    "shadowableFiles": Array [],
    "shadowedFiles": Array [],
  },
  Object {
    "id": "gatsby-plugin-offline",
    "name": "gatsby-plugin-offline",
    "shadowableFiles": Array [],
    "shadowedFiles": Array [],
  },
  Object {
    "id": "gatsby-plugin-react-helmet",
    "name": "gatsby-plugin-react-helmet",
    "shadowableFiles": Array [],
    "shadowedFiles": Array [],
  },
]
`;
